---
source: queries/src/lib.rs
expression: operation.query
---
mutation AddUserToGroup($group: Int!, $username: String!) {
  addUserToGroup(groupId: $group, userId: $username) {
    ok
  }
}
