---
source: queries/src/lib.rs
expression: operation.query
---
query GetUser($username: String!) {
  user(userId: $username) {
    id
    groups {
      id
      displayName
    }
  }
}
