---
source: queries/src/lib.rs
expression: operation.query
---
query ListUsers {
  users {
    id
  }
}
