---
source: queries/src/lib.rs
expression: operation.query
---
query GetGroups {
  groups {
    id
    displayName
  }
}
