---
source: queries/src/lib.rs
expression: operation.query
---
mutation DeleteUser($username: String!) {
  deleteUser(userId: $username) {
    ok
  }
}
