---
source: queries/src/lib.rs
expression: operation.query
---
mutation DeleteGroup($id: Int!) {
  deleteGroup(groupId: $id) {
    ok
  }
}
