---
source: src/resources.rs
expression: "ServiceUser::crd()"
---
apiVersion: apiextensions.k8s.io/v1
kind: CustomResourceDefinition
metadata:
  name: serviceusers.lldap.huizinga.dev
spec:
  group: lldap.huizinga.dev
  names:
    categories: []
    kind: ServiceUser
    plural: serviceusers
    shortNames:
      - lsu
    singular: serviceuser
  scope: Namespaced
  versions:
    - additionalPrinterColumns:
        - description: Can the service user manage passwords
          jsonPath: ".spec.passwordManager"
          name: Manager
          type: boolean
        - description: Secret creation timestamp
          jsonPath: ".status.secretCreated"
          name: Password
          type: date
        - jsonPath: ".metadata.creationTimestamp"
          name: Age
          type: date
      name: v1
      schema:
        openAPIV3Schema:
          description: Custom resource for managing Service Users inside of LLDAP
          properties:
            spec:
              properties:
                additionalGroups:
                  default: []
                  items:
                    type: string
                  type: array
                passwordManager:
                  default: false
                  type: boolean
              type: object
            status:
              nullable: true
              properties:
                secretCreated:
                  format: date-time
                  nullable: true
                  type: string
              type: object
          required:
            - spec
          title: ServiceUser
          type: object
      served: true
      storage: true
      subresources:
        status: {}
